2025-06-05 00:08:33 - Teacher ID: 2, Class ID: 4
2025-06-05 00:14:38 - Teacher ID: 2, Class ID: 4
2025-06-05 00:14:38 - Modules query returned 2 rows
2025-06-05 00:14:38 - All privileges for teacher 2 in class 4:
2025-06-05 00:14:38 - Array
(
    [privilege_id] => 1
    [teacher_id] => 2
    [program_id] => 1
    [class_id] => 4
    [module_id] => 1
    [can_view] => 1
    [can_edit] => 0
    [can_delete] => 0
    [can_grade] => 0
    [can_manage] => 0
    [created_at] => 2025-06-04 21:08:15
    [updated_at] => 2025-06-04 21:08:15
    [module_name] => Java Script Fundamental
)

2025-06-05 00:14:38 - Array
(
    [privilege_id] => 3
    [teacher_id] => 2
    [program_id] => 1
    [class_id] => 4
    [module_id] => 2
    [can_view] => 1
    [can_edit] => 0
    [can_delete] => 0
    [can_grade] => 0
    [can_manage] => 0
    [created_at] => 2025-06-04 22:10:51
    [updated_at] => 2025-06-04 22:10:51
    [module_name] => Database Development
)

2025-06-05 00:14:58 - Teacher ID: 2, Class ID: 4
2025-06-05 00:14:58 - Modules query returned 2 rows
2025-06-05 00:14:58 - All privileges for teacher 2 in class 4:
2025-06-05 00:14:58 - Array
(
    [privilege_id] => 1
    [teacher_id] => 2
    [program_id] => 1
    [class_id] => 4
    [module_id] => 1
    [can_view] => 1
    [can_edit] => 0
    [can_delete] => 0
    [can_grade] => 0
    [can_manage] => 0
    [created_at] => 2025-06-04 21:08:15
    [updated_at] => 2025-06-04 21:08:15
    [module_name] => Java Script Fundamental
)

2025-06-05 00:14:58 - Array
(
    [privilege_id] => 3
    [teacher_id] => 2
    [program_id] => 1
    [class_id] => 4
    [module_id] => 2
    [can_view] => 1
    [can_edit] => 0
    [can_delete] => 0
    [can_grade] => 0
    [can_manage] => 0
    [created_at] => 2025-06-04 22:10:51
    [updated_at] => 2025-06-04 22:10:51
    [module_name] => Database Development
)

2025-06-05 00:14:59 - Teacher ID: 2, Class ID: 4
2025-06-05 00:14:59 - Modules query returned 2 rows
2025-06-05 00:14:59 - All privileges for teacher 2 in class 4:
2025-06-05 00:14:59 - Array
(
    [privilege_id] => 1
    [teacher_id] => 2
    [program_id] => 1
    [class_id] => 4
    [module_id] => 1
    [can_view] => 1
    [can_edit] => 0
    [can_delete] => 0
    [can_grade] => 0
    [can_manage] => 0
    [created_at] => 2025-06-04 21:08:15
    [updated_at] => 2025-06-04 21:08:15
    [module_name] => Java Script Fundamental
)

2025-06-05 00:14:59 - Array
(
    [privilege_id] => 3
    [teacher_id] => 2
    [program_id] => 1
    [class_id] => 4
    [module_id] => 2
    [can_view] => 1
    [can_edit] => 0
    [can_delete] => 0
    [can_grade] => 0
    [can_manage] => 0
    [created_at] => 2025-06-04 22:10:51
    [updated_at] => 2025-06-04 22:10:51
    [module_name] => Database Development
)

2025-06-05 00:15:01 - Teacher ID: 2, Class ID: 4
2025-06-05 00:15:01 - Modules query returned 2 rows
2025-06-05 00:15:01 - All privileges for teacher 2 in class 4:
2025-06-05 00:15:01 - Array
(
    [privilege_id] => 1
    [teacher_id] => 2
    [program_id] => 1
    [class_id] => 4
    [module_id] => 1
    [can_view] => 1
    [can_edit] => 0
    [can_delete] => 0
    [can_grade] => 0
    [can_manage] => 0
    [created_at] => 2025-06-04 21:08:15
    [updated_at] => 2025-06-04 21:08:15
    [module_name] => Java Script Fundamental
)

2025-06-05 00:15:01 - Array
(
    [privilege_id] => 3
    [teacher_id] => 2
    [program_id] => 1
    [class_id] => 4
    [module_id] => 2
    [can_view] => 1
    [can_edit] => 0
    [can_delete] => 0
    [can_grade] => 0
    [can_manage] => 0
    [created_at] => 2025-06-04 22:10:51
    [updated_at] => 2025-06-04 22:10:51
    [module_name] => Database Development
)

2025-06-05 00:15:43 - Teacher ID: 2, Class ID: 4
2025-06-05 00:15:43 - Modules query returned 2 rows
2025-06-05 00:15:43 - All privileges for teacher 2 in class 4:
2025-06-05 00:15:43 - Array
(
    [privilege_id] => 1
    [teacher_id] => 2
    [program_id] => 1
    [class_id] => 4
    [module_id] => 1
    [can_view] => 1
    [can_edit] => 0
    [can_delete] => 0
    [can_grade] => 0
    [can_manage] => 0
    [created_at] => 2025-06-04 21:08:15
    [updated_at] => 2025-06-04 21:08:15
    [module_name] => Java Script Fundamental
)

2025-06-05 00:15:43 - Array
(
    [privilege_id] => 3
    [teacher_id] => 2
    [program_id] => 1
    [class_id] => 4
    [module_id] => 2
    [can_view] => 1
    [can_edit] => 0
    [can_delete] => 0
    [can_grade] => 0
    [can_manage] => 0
    [created_at] => 2025-06-04 22:10:51
    [updated_at] => 2025-06-04 22:10:51
    [module_name] => Database Development
)

2025-06-05 00:15:56 - Teacher ID: 2, Class ID: 4
2025-06-05 00:15:56 - Modules query returned 2 rows
2025-06-05 00:15:56 - All privileges for teacher 2 in class 4:
2025-06-05 00:15:56 - Array
(
    [privilege_id] => 1
    [teacher_id] => 2
    [program_id] => 1
    [class_id] => 4
    [module_id] => 1
    [can_view] => 1
    [can_edit] => 0
    [can_delete] => 0
    [can_grade] => 0
    [can_manage] => 0
    [created_at] => 2025-06-04 21:08:15
    [updated_at] => 2025-06-04 21:08:15
    [module_name] => Java Script Fundamental
)

2025-06-05 00:15:56 - Array
(
    [privilege_id] => 3
    [teacher_id] => 2
    [program_id] => 1
    [class_id] => 4
    [module_id] => 2
    [can_view] => 1
    [can_edit] => 0
    [can_delete] => 0
    [can_grade] => 0
    [can_manage] => 0
    [created_at] => 2025-06-04 22:10:51
    [updated_at] => 2025-06-04 22:10:51
    [module_name] => Database Development
)

2025-06-05 00:15:57 - Teacher ID: 2, Class ID: 4
2025-06-05 00:15:57 - Modules query returned 2 rows
2025-06-05 00:15:57 - All privileges for teacher 2 in class 4:
2025-06-05 00:15:57 - Array
(
    [privilege_id] => 1
    [teacher_id] => 2
    [program_id] => 1
    [class_id] => 4
    [module_id] => 1
    [can_view] => 1
    [can_edit] => 0
    [can_delete] => 0
    [can_grade] => 0
    [can_manage] => 0
    [created_at] => 2025-06-04 21:08:15
    [updated_at] => 2025-06-04 21:08:15
    [module_name] => Java Script Fundamental
)

2025-06-05 00:15:57 - Array
(
    [privilege_id] => 3
    [teacher_id] => 2
    [program_id] => 1
    [class_id] => 4
    [module_id] => 2
    [can_view] => 1
    [can_edit] => 0
    [can_delete] => 0
    [can_grade] => 0
    [can_manage] => 0
    [created_at] => 2025-06-04 22:10:51
    [updated_at] => 2025-06-04 22:10:51
    [module_name] => Database Development
)

2025-06-05 00:15:58 - Teacher ID: 2, Class ID: 4
2025-06-05 00:15:58 - Modules query returned 2 rows
2025-06-05 00:15:58 - All privileges for teacher 2 in class 4:
2025-06-05 00:15:58 - Array
(
    [privilege_id] => 1
    [teacher_id] => 2
    [program_id] => 1
    [class_id] => 4
    [module_id] => 1
    [can_view] => 1
    [can_edit] => 0
    [can_delete] => 0
    [can_grade] => 0
    [can_manage] => 0
    [created_at] => 2025-06-04 21:08:15
    [updated_at] => 2025-06-04 21:08:15
    [module_name] => Java Script Fundamental
)

2025-06-05 00:15:58 - Array
(
    [privilege_id] => 3
    [teacher_id] => 2
    [program_id] => 1
    [class_id] => 4
    [module_id] => 2
    [can_view] => 1
    [can_edit] => 0
    [can_delete] => 0
    [can_grade] => 0
    [can_manage] => 0
    [created_at] => 2025-06-04 22:10:51
    [updated_at] => 2025-06-04 22:10:51
    [module_name] => Database Development
)

2025-06-05 00:15:59 - Teacher ID: 2, Class ID: 4
2025-06-05 00:15:59 - Modules query returned 2 rows
2025-06-05 00:15:59 - All privileges for teacher 2 in class 4:
2025-06-05 00:15:59 - Array
(
    [privilege_id] => 1
    [teacher_id] => 2
    [program_id] => 1
    [class_id] => 4
    [module_id] => 1
    [can_view] => 1
    [can_edit] => 0
    [can_delete] => 0
    [can_grade] => 0
    [can_manage] => 0
    [created_at] => 2025-06-04 21:08:15
    [updated_at] => 2025-06-04 21:08:15
    [module_name] => Java Script Fundamental
)

2025-06-05 00:15:59 - Array
(
    [privilege_id] => 3
    [teacher_id] => 2
    [program_id] => 1
    [class_id] => 4
    [module_id] => 2
    [can_view] => 1
    [can_edit] => 0
    [can_delete] => 0
    [can_grade] => 0
    [can_manage] => 0
    [created_at] => 2025-06-04 22:10:51
    [updated_at] => 2025-06-04 22:10:51
    [module_name] => Database Development
)

2025-06-05 00:16:00 - Teacher ID: 2, Class ID: 4
2025-06-05 00:16:00 - Modules query returned 2 rows
2025-06-05 00:16:00 - All privileges for teacher 2 in class 4:
2025-06-05 00:16:00 - Array
(
    [privilege_id] => 1
    [teacher_id] => 2
    [program_id] => 1
    [class_id] => 4
    [module_id] => 1
    [can_view] => 1
    [can_edit] => 0
    [can_delete] => 0
    [can_grade] => 0
    [can_manage] => 0
    [created_at] => 2025-06-04 21:08:15
    [updated_at] => 2025-06-04 21:08:15
    [module_name] => Java Script Fundamental
)

2025-06-05 00:16:00 - Array
(
    [privilege_id] => 3
    [teacher_id] => 2
    [program_id] => 1
    [class_id] => 4
    [module_id] => 2
    [can_view] => 1
    [can_edit] => 0
    [can_delete] => 0
    [can_grade] => 0
    [can_manage] => 0
    [created_at] => 2025-06-04 22:10:51
    [updated_at] => 2025-06-04 22:10:51
    [module_name] => Database Development
)

2025-06-05 00:16:01 - Teacher ID: 2, Class ID: 4
2025-06-05 00:16:01 - Modules query returned 2 rows
2025-06-05 00:16:01 - All privileges for teacher 2 in class 4:
2025-06-05 00:16:01 - Array
(
    [privilege_id] => 1
    [teacher_id] => 2
    [program_id] => 1
    [class_id] => 4
    [module_id] => 1
    [can_view] => 1
    [can_edit] => 0
    [can_delete] => 0
    [can_grade] => 0
    [can_manage] => 0
    [created_at] => 2025-06-04 21:08:15
    [updated_at] => 2025-06-04 21:08:15
    [module_name] => Java Script Fundamental
)

2025-06-05 00:16:01 - Array
(
    [privilege_id] => 3
    [teacher_id] => 2
    [program_id] => 1
    [class_id] => 4
    [module_id] => 2
    [can_view] => 1
    [can_edit] => 0
    [can_delete] => 0
    [can_grade] => 0
    [can_manage] => 0
    [created_at] => 2025-06-04 22:10:51
    [updated_at] => 2025-06-04 22:10:51
    [module_name] => Database Development
)

2025-06-05 00:16:02 - Teacher ID: 2, Class ID: 4
2025-06-05 00:16:02 - Modules query returned 2 rows
2025-06-05 00:16:02 - All privileges for teacher 2 in class 4:
2025-06-05 00:16:02 - Array
(
    [privilege_id] => 1
    [teacher_id] => 2
    [program_id] => 1
    [class_id] => 4
    [module_id] => 1
    [can_view] => 1
    [can_edit] => 0
    [can_delete] => 0
    [can_grade] => 0
    [can_manage] => 0
    [created_at] => 2025-06-04 21:08:15
    [updated_at] => 2025-06-04 21:08:15
    [module_name] => Java Script Fundamental
)

2025-06-05 00:16:02 - Array
(
    [privilege_id] => 3
    [teacher_id] => 2
    [program_id] => 1
    [class_id] => 4
    [module_id] => 2
    [can_view] => 1
    [can_edit] => 0
    [can_delete] => 0
    [can_grade] => 0
    [can_manage] => 0
    [created_at] => 2025-06-04 22:10:51
    [updated_at] => 2025-06-04 22:10:51
    [module_name] => Database Development
)

2025-06-05 00:16:03 - Teacher ID: 2, Class ID: 4
2025-06-05 00:16:03 - Modules query returned 2 rows
2025-06-05 00:16:03 - All privileges for teacher 2 in class 4:
2025-06-05 00:16:03 - Array
(
    [privilege_id] => 1
    [teacher_id] => 2
    [program_id] => 1
    [class_id] => 4
    [module_id] => 1
    [can_view] => 1
    [can_edit] => 0
    [can_delete] => 0
    [can_grade] => 0
    [can_manage] => 0
    [created_at] => 2025-06-04 21:08:15
    [updated_at] => 2025-06-04 21:08:15
    [module_name] => Java Script Fundamental
)

2025-06-05 00:16:03 - Array
(
    [privilege_id] => 3
    [teacher_id] => 2
    [program_id] => 1
    [class_id] => 4
    [module_id] => 2
    [can_view] => 1
    [can_edit] => 0
    [can_delete] => 0
    [can_grade] => 0
    [can_manage] => 0
    [created_at] => 2025-06-04 22:10:51
    [updated_at] => 2025-06-04 22:10:51
    [module_name] => Database Development
)

2025-06-05 00:16:04 - Teacher ID: 2, Class ID: 4
2025-06-05 00:16:04 - Modules query returned 2 rows
2025-06-05 00:16:04 - All privileges for teacher 2 in class 4:
2025-06-05 00:16:04 - Array
(
    [privilege_id] => 1
    [teacher_id] => 2
    [program_id] => 1
    [class_id] => 4
    [module_id] => 1
    [can_view] => 1
    [can_edit] => 0
    [can_delete] => 0
    [can_grade] => 0
    [can_manage] => 0
    [created_at] => 2025-06-04 21:08:15
    [updated_at] => 2025-06-04 21:08:15
    [module_name] => Java Script Fundamental
)

2025-06-05 00:16:04 - Array
(
    [privilege_id] => 3
    [teacher_id] => 2
    [program_id] => 1
    [class_id] => 4
    [module_id] => 2
    [can_view] => 1
    [can_edit] => 0
    [can_delete] => 0
    [can_grade] => 0
    [can_manage] => 0
    [created_at] => 2025-06-04 22:10:51
    [updated_at] => 2025-06-04 22:10:51
    [module_name] => Database Development
)

2025-06-05 00:16:04 - Teacher ID: 2, Class ID: 4
2025-06-05 00:16:04 - Modules query returned 2 rows
2025-06-05 00:16:04 - All privileges for teacher 2 in class 4:
2025-06-05 00:16:04 - Array
(
    [privilege_id] => 1
    [teacher_id] => 2
    [program_id] => 1
    [class_id] => 4
    [module_id] => 1
    [can_view] => 1
    [can_edit] => 0
    [can_delete] => 0
    [can_grade] => 0
    [can_manage] => 0
    [created_at] => 2025-06-04 21:08:15
    [updated_at] => 2025-06-04 21:08:15
    [module_name] => Java Script Fundamental
)

2025-06-05 00:16:04 - Array
(
    [privilege_id] => 3
    [teacher_id] => 2
    [program_id] => 1
    [class_id] => 4
    [module_id] => 2
    [can_view] => 1
    [can_edit] => 0
    [can_delete] => 0
    [can_grade] => 0
    [can_manage] => 0
    [created_at] => 2025-06-04 22:10:51
    [updated_at] => 2025-06-04 22:10:51
    [module_name] => Database Development
)

2025-06-05 00:16:05 - Teacher ID: 2, Class ID: 4
2025-06-05 00:16:05 - Modules query returned 2 rows
2025-06-05 00:16:05 - All privileges for teacher 2 in class 4:
2025-06-05 00:16:05 - Array
(
    [privilege_id] => 1
    [teacher_id] => 2
    [program_id] => 1
    [class_id] => 4
    [module_id] => 1
    [can_view] => 1
    [can_edit] => 0
    [can_delete] => 0
    [can_grade] => 0
    [can_manage] => 0
    [created_at] => 2025-06-04 21:08:15
    [updated_at] => 2025-06-04 21:08:15
    [module_name] => Java Script Fundamental
)

2025-06-05 00:16:05 - Array
(
    [privilege_id] => 3
    [teacher_id] => 2
    [program_id] => 1
    [class_id] => 4
    [module_id] => 2
    [can_view] => 1
    [can_edit] => 0
    [can_delete] => 0
    [can_grade] => 0
    [can_manage] => 0
    [created_at] => 2025-06-04 22:10:51
    [updated_at] => 2025-06-04 22:10:51
    [module_name] => Database Development
)

2025-06-05 00:16:05 - Teacher ID: 2, Class ID: 4
2025-06-05 00:16:05 - Modules query returned 2 rows
2025-06-05 00:16:05 - All privileges for teacher 2 in class 4:
2025-06-05 00:16:05 - Array
(
    [privilege_id] => 1
    [teacher_id] => 2
    [program_id] => 1
    [class_id] => 4
    [module_id] => 1
    [can_view] => 1
    [can_edit] => 0
    [can_delete] => 0
    [can_grade] => 0
    [can_manage] => 0
    [created_at] => 2025-06-04 21:08:15
    [updated_at] => 2025-06-04 21:08:15
    [module_name] => Java Script Fundamental
)

2025-06-05 00:16:05 - Array
(
    [privilege_id] => 3
    [teacher_id] => 2
    [program_id] => 1
    [class_id] => 4
    [module_id] => 2
    [can_view] => 1
    [can_edit] => 0
    [can_delete] => 0
    [can_grade] => 0
    [can_manage] => 0
    [created_at] => 2025-06-04 22:10:51
    [updated_at] => 2025-06-04 22:10:51
    [module_name] => Database Development
)

2025-06-05 00:16:06 - Teacher ID: 2, Class ID: 4
2025-06-05 00:16:06 - Modules query returned 2 rows
2025-06-05 00:16:06 - All privileges for teacher 2 in class 4:
2025-06-05 00:16:06 - Array
(
    [privilege_id] => 1
    [teacher_id] => 2
    [program_id] => 1
    [class_id] => 4
    [module_id] => 1
    [can_view] => 1
    [can_edit] => 0
    [can_delete] => 0
    [can_grade] => 0
    [can_manage] => 0
    [created_at] => 2025-06-04 21:08:15
    [updated_at] => 2025-06-04 21:08:15
    [module_name] => Java Script Fundamental
)

2025-06-05 00:16:06 - Array
(
    [privilege_id] => 3
    [teacher_id] => 2
    [program_id] => 1
    [class_id] => 4
    [module_id] => 2
    [can_view] => 1
    [can_edit] => 0
    [can_delete] => 0
    [can_grade] => 0
    [can_manage] => 0
    [created_at] => 2025-06-04 22:10:51
    [updated_at] => 2025-06-04 22:10:51
    [module_name] => Database Development
)

2025-06-05 00:16:06 - Teacher ID: 2, Class ID: 4
2025-06-05 00:16:06 - Modules query returned 2 rows
2025-06-05 00:16:06 - All privileges for teacher 2 in class 4:
2025-06-05 00:16:06 - Array
(
    [privilege_id] => 1
    [teacher_id] => 2
    [program_id] => 1
    [class_id] => 4
    [module_id] => 1
    [can_view] => 1
    [can_edit] => 0
    [can_delete] => 0
    [can_grade] => 0
    [can_manage] => 0
    [created_at] => 2025-06-04 21:08:15
    [updated_at] => 2025-06-04 21:08:15
    [module_name] => Java Script Fundamental
)

2025-06-05 00:16:06 - Array
(
    [privilege_id] => 3
    [teacher_id] => 2
    [program_id] => 1
    [class_id] => 4
    [module_id] => 2
    [can_view] => 1
    [can_edit] => 0
    [can_delete] => 0
    [can_grade] => 0
    [can_manage] => 0
    [created_at] => 2025-06-04 22:10:51
    [updated_at] => 2025-06-04 22:10:51
    [module_name] => Database Development
)

2025-06-05 00:16:07 - Teacher ID: 2, Class ID: 4
2025-06-05 00:16:07 - Modules query returned 2 rows
2025-06-05 00:16:07 - All privileges for teacher 2 in class 4:
2025-06-05 00:16:07 - Array
(
    [privilege_id] => 1
    [teacher_id] => 2
    [program_id] => 1
    [class_id] => 4
    [module_id] => 1
    [can_view] => 1
    [can_edit] => 0
    [can_delete] => 0
    [can_grade] => 0
    [can_manage] => 0
    [created_at] => 2025-06-04 21:08:15
    [updated_at] => 2025-06-04 21:08:15
    [module_name] => Java Script Fundamental
)

2025-06-05 00:16:07 - Array
(
    [privilege_id] => 3
    [teacher_id] => 2
    [program_id] => 1
    [class_id] => 4
    [module_id] => 2
    [can_view] => 1
    [can_edit] => 0
    [can_delete] => 0
    [can_grade] => 0
    [can_manage] => 0
    [created_at] => 2025-06-04 22:10:51
    [updated_at] => 2025-06-04 22:10:51
    [module_name] => Database Development
)

2025-06-05 00:16:08 - Teacher ID: 2, Class ID: 4
2025-06-05 00:16:08 - Modules query returned 2 rows
2025-06-05 00:16:08 - All privileges for teacher 2 in class 4:
2025-06-05 00:16:08 - Array
(
    [privilege_id] => 1
    [teacher_id] => 2
    [program_id] => 1
    [class_id] => 4
    [module_id] => 1
    [can_view] => 1
    [can_edit] => 0
    [can_delete] => 0
    [can_grade] => 0
    [can_manage] => 0
    [created_at] => 2025-06-04 21:08:15
    [updated_at] => 2025-06-04 21:08:15
    [module_name] => Java Script Fundamental
)

2025-06-05 00:16:08 - Array
(
    [privilege_id] => 3
    [teacher_id] => 2
    [program_id] => 1
    [class_id] => 4
    [module_id] => 2
    [can_view] => 1
    [can_edit] => 0
    [can_delete] => 0
    [can_grade] => 0
    [can_manage] => 0
    [created_at] => 2025-06-04 22:10:51
    [updated_at] => 2025-06-04 22:10:51
    [module_name] => Database Development
)

2025-06-05 00:16:09 - Teacher ID: 2, Class ID: 4
2025-06-05 00:16:09 - Modules query returned 2 rows
2025-06-05 00:16:09 - All privileges for teacher 2 in class 4:
2025-06-05 00:16:09 - Array
(
    [privilege_id] => 1
    [teacher_id] => 2
    [program_id] => 1
    [class_id] => 4
    [module_id] => 1
    [can_view] => 1
    [can_edit] => 0
    [can_delete] => 0
    [can_grade] => 0
    [can_manage] => 0
    [created_at] => 2025-06-04 21:08:15
    [updated_at] => 2025-06-04 21:08:15
    [module_name] => Java Script Fundamental
)

2025-06-05 00:16:09 - Array
(
    [privilege_id] => 3
    [teacher_id] => 2
    [program_id] => 1
    [class_id] => 4
    [module_id] => 2
    [can_view] => 1
    [can_edit] => 0
    [can_delete] => 0
    [can_grade] => 0
    [can_manage] => 0
    [created_at] => 2025-06-04 22:10:51
    [updated_at] => 2025-06-04 22:10:51
    [module_name] => Database Development
)

2025-06-05 00:16:09 - Teacher ID: 2, Class ID: 4
2025-06-05 00:16:09 - Modules query returned 2 rows
2025-06-05 00:16:09 - All privileges for teacher 2 in class 4:
2025-06-05 00:16:09 - Array
(
    [privilege_id] => 1
    [teacher_id] => 2
    [program_id] => 1
    [class_id] => 4
    [module_id] => 1
    [can_view] => 1
    [can_edit] => 0
    [can_delete] => 0
    [can_grade] => 0
    [can_manage] => 0
    [created_at] => 2025-06-04 21:08:15
    [updated_at] => 2025-06-04 21:08:15
    [module_name] => Java Script Fundamental
)

2025-06-05 00:16:09 - Array
(
    [privilege_id] => 3
    [teacher_id] => 2
    [program_id] => 1
    [class_id] => 4
    [module_id] => 2
    [can_view] => 1
    [can_edit] => 0
    [can_delete] => 0
    [can_grade] => 0
    [can_manage] => 0
    [created_at] => 2025-06-04 22:10:51
    [updated_at] => 2025-06-04 22:10:51
    [module_name] => Database Development
)

2025-06-05 00:16:10 - Teacher ID: 2, Class ID: 4
2025-06-05 00:16:10 - Modules query returned 2 rows
2025-06-05 00:16:10 - All privileges for teacher 2 in class 4:
2025-06-05 00:16:10 - Array
(
    [privilege_id] => 1
    [teacher_id] => 2
    [program_id] => 1
    [class_id] => 4
    [module_id] => 1
    [can_view] => 1
    [can_edit] => 0
    [can_delete] => 0
    [can_grade] => 0
    [can_manage] => 0
    [created_at] => 2025-06-04 21:08:15
    [updated_at] => 2025-06-04 21:08:15
    [module_name] => Java Script Fundamental
)

2025-06-05 00:16:10 - Array
(
    [privilege_id] => 3
    [teacher_id] => 2
    [program_id] => 1
    [class_id] => 4
    [module_id] => 2
    [can_view] => 1
    [can_edit] => 0
    [can_delete] => 0
    [can_grade] => 0
    [can_manage] => 0
    [created_at] => 2025-06-04 22:10:51
    [updated_at] => 2025-06-04 22:10:51
    [module_name] => Database Development
)

2025-06-05 00:16:10 - Teacher ID: 2, Class ID: 4
2025-06-05 00:16:10 - Modules query returned 2 rows
2025-06-05 00:16:10 - All privileges for teacher 2 in class 4:
2025-06-05 00:16:10 - Array
(
    [privilege_id] => 1
    [teacher_id] => 2
    [program_id] => 1
    [class_id] => 4
    [module_id] => 1
    [can_view] => 1
    [can_edit] => 0
    [can_delete] => 0
    [can_grade] => 0
    [can_manage] => 0
    [created_at] => 2025-06-04 21:08:15
    [updated_at] => 2025-06-04 21:08:15
    [module_name] => Java Script Fundamental
)

2025-06-05 00:16:10 - Array
(
    [privilege_id] => 3
    [teacher_id] => 2
    [program_id] => 1
    [class_id] => 4
    [module_id] => 2
    [can_view] => 1
    [can_edit] => 0
    [can_delete] => 0
    [can_grade] => 0
    [can_manage] => 0
    [created_at] => 2025-06-04 22:10:51
    [updated_at] => 2025-06-04 22:10:51
    [module_name] => Database Development
)

2025-06-05 00:19:27 - Teacher ID: 2, Class ID: 4
2025-06-05 00:19:27 - Modules query returned 2 rows
2025-06-05 00:19:27 - All privileges for teacher 2 in class 4:
2025-06-05 00:19:27 - Array
(
    [privilege_id] => 1
    [teacher_id] => 2
    [program_id] => 1
    [class_id] => 4
    [module_id] => 1
    [can_view] => 1
    [can_edit] => 0
    [can_delete] => 0
    [can_grade] => 0
    [can_manage] => 0
    [created_at] => 2025-06-04 21:08:15
    [updated_at] => 2025-06-04 21:08:15
    [module_name] => Java Script Fundamental
)

2025-06-05 00:19:27 - Array
(
    [privilege_id] => 3
    [teacher_id] => 2
    [program_id] => 1
    [class_id] => 4
    [module_id] => 2
    [can_view] => 1
    [can_edit] => 0
    [can_delete] => 0
    [can_grade] => 0
    [can_manage] => 0
    [created_at] => 2025-06-04 22:10:51
    [updated_at] => 2025-06-04 22:10:51
    [module_name] => Database Development
)

2025-06-05 00:19:28 - Teacher ID: 2, Class ID: 4
2025-06-05 00:19:28 - Modules query returned 2 rows
2025-06-05 00:19:28 - All privileges for teacher 2 in class 4:
2025-06-05 00:19:28 - Array
(
    [privilege_id] => 1
    [teacher_id] => 2
    [program_id] => 1
    [class_id] => 4
    [module_id] => 1
    [can_view] => 1
    [can_edit] => 0
    [can_delete] => 0
    [can_grade] => 0
    [can_manage] => 0
    [created_at] => 2025-06-04 21:08:15
    [updated_at] => 2025-06-04 21:08:15
    [module_name] => Java Script Fundamental
)

2025-06-05 00:19:28 - Array
(
    [privilege_id] => 3
    [teacher_id] => 2
    [program_id] => 1
    [class_id] => 4
    [module_id] => 2
    [can_view] => 1
    [can_edit] => 0
    [can_delete] => 0
    [can_grade] => 0
    [can_manage] => 0
    [created_at] => 2025-06-04 22:10:51
    [updated_at] => 2025-06-04 22:10:51
    [module_name] => Database Development
)

2025-06-05 00:19:29 - Teacher ID: 2, Class ID: 4
2025-06-05 00:19:29 - Modules query returned 2 rows
2025-06-05 00:19:29 - All privileges for teacher 2 in class 4:
2025-06-05 00:19:29 - Array
(
    [privilege_id] => 1
    [teacher_id] => 2
    [program_id] => 1
    [class_id] => 4
    [module_id] => 1
    [can_view] => 1
    [can_edit] => 0
    [can_delete] => 0
    [can_grade] => 0
    [can_manage] => 0
    [created_at] => 2025-06-04 21:08:15
    [updated_at] => 2025-06-04 21:08:15
    [module_name] => Java Script Fundamental
)

2025-06-05 00:19:29 - Array
(
    [privilege_id] => 3
    [teacher_id] => 2
    [program_id] => 1
    [class_id] => 4
    [module_id] => 2
    [can_view] => 1
    [can_edit] => 0
    [can_delete] => 0
    [can_grade] => 0
    [can_manage] => 0
    [created_at] => 2025-06-04 22:10:51
    [updated_at] => 2025-06-04 22:10:51
    [module_name] => Database Development
)

2025-06-05 00:19:30 - Teacher ID: 2, Class ID: 4
2025-06-05 00:19:30 - Modules query returned 2 rows
2025-06-05 00:19:30 - All privileges for teacher 2 in class 4:
2025-06-05 00:19:30 - Array
(
    [privilege_id] => 1
    [teacher_id] => 2
    [program_id] => 1
    [class_id] => 4
    [module_id] => 1
    [can_view] => 1
    [can_edit] => 0
    [can_delete] => 0
    [can_grade] => 0
    [can_manage] => 0
    [created_at] => 2025-06-04 21:08:15
    [updated_at] => 2025-06-04 21:08:15
    [module_name] => Java Script Fundamental
)

2025-06-05 00:19:30 - Array
(
    [privilege_id] => 3
    [teacher_id] => 2
    [program_id] => 1
    [class_id] => 4
    [module_id] => 2
    [can_view] => 1
    [can_edit] => 0
    [can_delete] => 0
    [can_grade] => 0
    [can_manage] => 0
    [created_at] => 2025-06-04 22:10:51
    [updated_at] => 2025-06-04 22:10:51
    [module_name] => Database Development
)

2025-06-05 00:19:31 - Teacher ID: 2, Class ID: 4
2025-06-05 00:19:31 - Modules query returned 2 rows
2025-06-05 00:19:31 - All privileges for teacher 2 in class 4:
2025-06-05 00:19:31 - Array
(
    [privilege_id] => 1
    [teacher_id] => 2
    [program_id] => 1
    [class_id] => 4
    [module_id] => 1
    [can_view] => 1
    [can_edit] => 0
    [can_delete] => 0
    [can_grade] => 0
    [can_manage] => 0
    [created_at] => 2025-06-04 21:08:15
    [updated_at] => 2025-06-04 21:08:15
    [module_name] => Java Script Fundamental
)

2025-06-05 00:19:31 - Array
(
    [privilege_id] => 3
    [teacher_id] => 2
    [program_id] => 1
    [class_id] => 4
    [module_id] => 2
    [can_view] => 1
    [can_edit] => 0
    [can_delete] => 0
    [can_grade] => 0
    [can_manage] => 0
    [created_at] => 2025-06-04 22:10:51
    [updated_at] => 2025-06-04 22:10:51
    [module_name] => Database Development
)

2025-06-05 00:19:33 - Teacher ID: 2, Class ID: 4
2025-06-05 00:19:33 - Modules query returned 2 rows
2025-06-05 00:19:33 - All privileges for teacher 2 in class 4:
2025-06-05 00:19:33 - Array
(
    [privilege_id] => 1
    [teacher_id] => 2
    [program_id] => 1
    [class_id] => 4
    [module_id] => 1
    [can_view] => 1
    [can_edit] => 0
    [can_delete] => 0
    [can_grade] => 0
    [can_manage] => 0
    [created_at] => 2025-06-04 21:08:15
    [updated_at] => 2025-06-04 21:08:15
    [module_name] => Java Script Fundamental
)

2025-06-05 00:19:33 - Array
(
    [privilege_id] => 3
    [teacher_id] => 2
    [program_id] => 1
    [class_id] => 4
    [module_id] => 2
    [can_view] => 1
    [can_edit] => 0
    [can_delete] => 0
    [can_grade] => 0
    [can_manage] => 0
    [created_at] => 2025-06-04 22:10:51
    [updated_at] => 2025-06-04 22:10:51
    [module_name] => Database Development
)

2025-06-05 00:19:34 - Teacher ID: 2, Class ID: 4
2025-06-05 00:19:34 - Modules query returned 2 rows
2025-06-05 00:19:34 - All privileges for teacher 2 in class 4:
2025-06-05 00:19:34 - Array
(
    [privilege_id] => 1
    [teacher_id] => 2
    [program_id] => 1
    [class_id] => 4
    [module_id] => 1
    [can_view] => 1
    [can_edit] => 0
    [can_delete] => 0
    [can_grade] => 0
    [can_manage] => 0
    [created_at] => 2025-06-04 21:08:15
    [updated_at] => 2025-06-04 21:08:15
    [module_name] => Java Script Fundamental
)

2025-06-05 00:19:34 - Array
(
    [privilege_id] => 3
    [teacher_id] => 2
    [program_id] => 1
    [class_id] => 4
    [module_id] => 2
    [can_view] => 1
    [can_edit] => 0
    [can_delete] => 0
    [can_grade] => 0
    [can_manage] => 0
    [created_at] => 2025-06-04 22:10:51
    [updated_at] => 2025-06-04 22:10:51
    [module_name] => Database Development
)

2025-06-05 00:19:34 - Teacher ID: 2, Class ID: 4
2025-06-05 00:19:34 - Modules query returned 2 rows
2025-06-05 00:19:34 - All privileges for teacher 2 in class 4:
2025-06-05 00:19:34 - Array
(
    [privilege_id] => 1
    [teacher_id] => 2
    [program_id] => 1
    [class_id] => 4
    [module_id] => 1
    [can_view] => 1
    [can_edit] => 0
    [can_delete] => 0
    [can_grade] => 0
    [can_manage] => 0
    [created_at] => 2025-06-04 21:08:15
    [updated_at] => 2025-06-04 21:08:15
    [module_name] => Java Script Fundamental
)

2025-06-05 00:19:34 - Array
(
    [privilege_id] => 3
    [teacher_id] => 2
    [program_id] => 1
    [class_id] => 4
    [module_id] => 2
    [can_view] => 1
    [can_edit] => 0
    [can_delete] => 0
    [can_grade] => 0
    [can_manage] => 0
    [created_at] => 2025-06-04 22:10:51
    [updated_at] => 2025-06-04 22:10:51
    [module_name] => Database Development
)

2025-06-05 00:19:35 - Teacher ID: 2, Class ID: 4
2025-06-05 00:19:35 - Modules query returned 2 rows
2025-06-05 00:19:35 - All privileges for teacher 2 in class 4:
2025-06-05 00:19:35 - Array
(
    [privilege_id] => 1
    [teacher_id] => 2
    [program_id] => 1
    [class_id] => 4
    [module_id] => 1
    [can_view] => 1
    [can_edit] => 0
    [can_delete] => 0
    [can_grade] => 0
    [can_manage] => 0
    [created_at] => 2025-06-04 21:08:15
    [updated_at] => 2025-06-04 21:08:15
    [module_name] => Java Script Fundamental
)

2025-06-05 00:19:35 - Array
(
    [privilege_id] => 3
    [teacher_id] => 2
    [program_id] => 1
    [class_id] => 4
    [module_id] => 2
    [can_view] => 1
    [can_edit] => 0
    [can_delete] => 0
    [can_grade] => 0
    [can_manage] => 0
    [created_at] => 2025-06-04 22:10:51
    [updated_at] => 2025-06-04 22:10:51
    [module_name] => Database Development
)

2025-06-05 00:20:23 - Teacher ID: 2, Class ID: 4
2025-06-05 00:20:23 - Modules query returned 2 rows
2025-06-05 00:20:23 - All privileges for teacher 2 in class 4:
2025-06-05 00:20:23 - Array
(
    [privilege_id] => 1
    [teacher_id] => 2
    [program_id] => 1
    [class_id] => 4
    [module_id] => 1
    [can_view] => 1
    [can_edit] => 0
    [can_delete] => 0
    [can_grade] => 0
    [can_manage] => 0
    [created_at] => 2025-06-04 21:08:15
    [updated_at] => 2025-06-04 21:08:15
    [module_name] => Java Script Fundamental
)

2025-06-05 00:20:23 - Array
(
    [privilege_id] => 3
    [teacher_id] => 2
    [program_id] => 1
    [class_id] => 4
    [module_id] => 2
    [can_view] => 1
    [can_edit] => 0
    [can_delete] => 0
    [can_grade] => 0
    [can_manage] => 0
    [created_at] => 2025-06-04 22:10:51
    [updated_at] => 2025-06-04 22:10:51
    [module_name] => Database Development
)

2025-06-05 00:20:29 - Form submission detected with module_id: 1
2025-06-05 00:20:29 - Processing module selection - User ID: 5, Module ID: 1
2025-06-05 00:20:29 - Class ID: 4
2025-06-05 00:20:29 - Teacher ID: 2
2025-06-05 00:20:29 - Module access query executed. Rows found: 1
2025-06-05 00:20:29 - Module access granted: Array
(
    [module_id] => 1
    [module_name] => Java Script Fundamental
    [module_code] => SWDFJ302
)

2025-06-05 00:20:29 - Redirecting to marks.php with module data
2025-06-05 00:20:40 - Teacher ID: 2, Class ID: 4
2025-06-05 00:20:40 - Modules query returned 2 rows
2025-06-05 00:20:40 - All privileges for teacher 2 in class 4:
2025-06-05 00:20:40 - Array
(
    [privilege_id] => 1
    [teacher_id] => 2
    [program_id] => 1
    [class_id] => 4
    [module_id] => 1
    [can_view] => 1
    [can_edit] => 0
    [can_delete] => 0
    [can_grade] => 0
    [can_manage] => 0
    [created_at] => 2025-06-04 21:08:15
    [updated_at] => 2025-06-04 21:08:15
    [module_name] => Java Script Fundamental
)

2025-06-05 00:20:40 - Array
(
    [privilege_id] => 3
    [teacher_id] => 2
    [program_id] => 1
    [class_id] => 4
    [module_id] => 2
    [can_view] => 1
    [can_edit] => 0
    [can_delete] => 0
    [can_grade] => 0
    [can_manage] => 0
    [created_at] => 2025-06-04 22:10:51
    [updated_at] => 2025-06-04 22:10:51
    [module_name] => Database Development
)

2025-06-05 00:20:50 - Form submission detected with module_id: 2
2025-06-05 00:20:50 - Processing module selection - User ID: 5, Module ID: 2
2025-06-05 00:20:50 - Class ID: 4
2025-06-05 00:20:50 - Teacher ID: 2
2025-06-05 00:20:50 - Module access query executed. Rows found: 1
2025-06-05 00:20:50 - Module access granted: Array
(
    [module_id] => 2
    [module_name] => Database Development
    [module_code] => SWDDD402
)

2025-06-05 00:20:50 - Redirecting to marks.php with module data
Script started
SESSION: 
